
> backend@0.0.1 test:e2e
> jest --config ./test/jest-e2e.json

node.exe : FAIL test/app.e2e-spec.ts (6.962 s)
At C:\Program Files\nodejs\npm.ps1:29 char:3
+   & $NODE_EXE $NPM_CLI_JS $args
+   ~~~~~~~~~~~~~~~~~~~~~~~~~~~~~
    + CategoryInfo          : NotSpecified: (FAIL te 
   st/app.e2e-spec.ts (6.962 s):String) [], RemoteE  
  xception
    + FullyQualifiedErrorId : NativeCommandError
 
  ΓùÅ AppController (e2e) ΓÇ║ / (GET)

    PrismaClientInitializationError: Can't reach 
database server at `localhost:5432`

    Please make sure your database server is running 
at `localhost:5432`.

    [0m [90m 11 |[39m
     [90m 12 |[39m   [36masync[39m 
onModuleInit() {
    [31m[1m>[22m[39m[90m 13 |[39m     
[36mawait[39m 
[36mthis[39m[33m.[39m$connect()[33m;[39m
     [90m    |[39m     [31m[1m^[22m[39m
     [90m 14 |[39m   }
     [90m 15 |[39m
     [90m 16 |[39m   [36masync[39m 
onModuleDestroy() {[0m

      at r (../node_modules/@prisma/client/src/runtim
e/core/engines/library/LibraryEngine.ts:440:17)
      at Proxy.onModuleInit 
(../src/prisma/prisma.service.ts:13:5)
          at async Promise.all (index 0)
      at callModuleInitHook (../node_modules/@nestjs/
core/hooks/on-module-init.hook.js:43:5)
      at Proxy.callInitHook (../node_modules/@nestjs/
core/nest-application-context.js:252:13)
      at Proxy.init (../node_modules/@nestjs/core/nes
t-application.js:103:9)
      at Object.<anonymous> (app.e2e-spec.ts:16:5)

FAIL test/security.e2e-spec.ts (6.971 s)
  ΓùÅ Zero-Trust Security Simulation (e2e) ΓÇ║ 
Initializes Application

    PrismaClientInitializationError: Can't reach 
database server at `localhost:5432`

    Please make sure your database server is running 
at `localhost:5432`.

    [0m [90m 11 |[39m
     [90m 12 |[39m   [36masync[39m 
onModuleInit() {
    [31m[1m>[22m[39m[90m 13 |[39m     
[36mawait[39m 
[36mthis[39m[33m.[39m$connect()[33m;[39m
     [90m    |[39m     [31m[1m^[22m[39m
     [90m 14 |[39m   }
     [90m 15 |[39m
     [90m 16 |[39m   [36masync[39m 
onModuleDestroy() {[0m

      at r (../node_modules/@prisma/client/src/runtim
e/core/engines/library/LibraryEngine.ts:440:17)
      at Proxy.onModuleInit 
(../src/prisma/prisma.service.ts:13:5)
          at async Promise.all (index 0)
      at callModuleInitHook (../node_modules/@nestjs/
core/hooks/on-module-init.hook.js:43:5)
      at Proxy.callInitHook (../node_modules/@nestjs/
core/nest-application-context.js:252:13)
      at Proxy.init (../node_modules/@nestjs/core/nes
t-application.js:103:9)
      at Object.<anonymous> 
(security.e2e-spec.ts:25:9)

  ΓùÅ Zero-Trust Security Simulation (e2e) ΓÇ║ 
Prisma Service Layer Tenant Isolation ΓÇ║ Tenant A 
creates a Livestock record

    PrismaClientInitializationError: Can't reach 
database server at `localhost:5432`

    Please make sure your database server is running 
at `localhost:5432`.

    [0m [90m 11 |[39m
     [90m 12 |[39m   [36masync[39m 
onModuleInit() {
    [31m[1m>[22m[39m[90m 13 |[39m     
[36mawait[39m 
[36mthis[39m[33m.[39m$connect()[33m;[39m
     [90m    |[39m     [31m[1m^[22m[39m
     [90m 14 |[39m   }
     [90m 15 |[39m
     [90m 16 |[39m   [36masync[39m 
onModuleDestroy() {[0m

      at r (../node_modules/@prisma/client/src/runtim
e/core/engines/library/LibraryEngine.ts:440:17)
      at Proxy.onModuleInit 
(../src/prisma/prisma.service.ts:13:5)
          at async Promise.all (index 0)
      at callModuleInitHook (../node_modules/@nestjs/
core/hooks/on-module-init.hook.js:43:5)
      at Proxy.callInitHook (../node_modules/@nestjs/
core/nest-application-context.js:252:13)
      at Proxy.init (../node_modules/@nestjs/core/nes
t-application.js:103:9)
      at Object.<anonymous> 
(security.e2e-spec.ts:25:9)

  ΓùÅ Zero-Trust Security Simulation (e2e) ΓÇ║ 
Prisma Service Layer Tenant Isolation ΓÇ║ Tenant B 
CANNOT access Tenant A Livestock

    PrismaClientInitializationError: Can't reach 
database server at `localhost:5432`

    Please make sure your database server is running 
at `localhost:5432`.

    [0m [90m 11 |[39m
     [90m 12 |[39m   [36masync[39m 
onModuleInit() {
    [31m[1m>[22m[39m[90m 13 |[39m     
[36mawait[39m 
[36mthis[39m[33m.[39m$connect()[33m;[39m
     [90m    |[39m     [31m[1m^[22m[39m
     [90m 14 |[39m   }
     [90m 15 |[39m
     [90m 16 |[39m   [36masync[39m 
onModuleDestroy() {[0m

      at r (../node_modules/@prisma/client/src/runtim
e/core/engines/library/LibraryEngine.ts:440:17)
      at Proxy.onModuleInit 
(../src/prisma/prisma.service.ts:13:5)
          at async Promise.all (index 0)
      at callModuleInitHook (../node_modules/@nestjs/
core/hooks/on-module-init.hook.js:43:5)
      at Proxy.callInitHook (../node_modules/@nestjs/
core/nest-application-context.js:252:13)
      at Proxy.init (../node_modules/@nestjs/core/nes
t-application.js:103:9)
      at Object.<anonymous> 
(security.e2e-spec.ts:25:9)

  ΓùÅ Zero-Trust Security Simulation (e2e) ΓÇ║ 
Prisma Service Layer Tenant Isolation ΓÇ║ Tenant B 
CANNOT manipulate Tenant A Livestock

    PrismaClientInitializationError: Can't reach 
database server at `localhost:5432`

    Please make sure your database server is running 
at `localhost:5432`.

    [0m [90m 11 |[39m
     [90m 12 |[39m   [36masync[39m 
onModuleInit() {
    [31m[1m>[22m[39m[90m 13 |[39m     
[36mawait[39m 
[36mthis[39m[33m.[39m$connect()[33m;[39m
     [90m    |[39m     [31m[1m^[22m[39m
     [90m 14 |[39m   }
     [90m 15 |[39m
     [90m 16 |[39m   [36masync[39m 
onModuleDestroy() {[0m

      at r (../node_modules/@prisma/client/src/runtim
e/core/engines/library/LibraryEngine.ts:440:17)
      at Proxy.onModuleInit 
(../src/prisma/prisma.service.ts:13:5)
          at async Promise.all (index 0)
      at callModuleInitHook (../node_modules/@nestjs/
core/hooks/on-module-init.hook.js:43:5)
      at Proxy.callInitHook (../node_modules/@nestjs/
core/nest-application-context.js:252:13)
      at Proxy.init (../node_modules/@nestjs/core/nes
t-application.js:103:9)
      at Object.<anonymous> 
(security.e2e-spec.ts:25:9)


  ΓùÅ Test suite failed to run

    TypeError: Cannot read properties of undefined 
(reading 'livestock')

    [0m [90m 50 |[39m     
afterAll([36masync[39m () [33m=>[39m {
     [90m 51 |[39m         [90m// Cleanup[39m
    [31m[1m>[22m[39m[90m 52 |[39m         
[36mawait[39m prisma[33m.[39mlivestock[33m.[39m
deleteMany()[33m;[39m
     [90m    |[39m                      
[31m[1m^[22m[39m
     [90m 53 |[39m         [36mawait[39m prisma[
33m.[39muser[33m.[39mdeleteMany()[33m;[39m
     [90m 54 |[39m         [36mawait[39m prisma[
33m.[39mtenant[33m.[39mdeleteMany()[33m;[39m
     [90m 55 |[39m         [36mawait[39m 
app[33m.[39mclose()[33m;[39m[0m

      at Object.<anonymous> 
(security.e2e-spec.ts:52:22)

Test Suites: 2 failed, 2 total
Tests:       5 failed, 5 total
Snapshots:   0 total
Time:        8.335 s
Ran all test suites.
